INFORMATION :	0	model_states_1.algo.update_states =>	internal[steps_10x] = 0
INFORMATION :	0	model_states_1.algo.update_states =>	state[steps] = 0
INFORMATION :	0	model_features_1.algo.update_features =>	internal[time_2x] = 0
INFORMATION :	0	model_features_1.algo.update_features =>	feature[uptime] = 0
INFORMATION :	500000000	model_states_1.algo.update_states =>	internal[steps_10x] = 10
INFORMATION :	500000000	model_states_1.algo.update_states =>	state[steps] = 1
INFORMATION :	1000000000	model_states_1.algo.update_states =>	internal[steps_10x] = 20
INFORMATION :	1000000000	model_states_1.algo.update_states =>	state[steps] = 2
INFORMATION :	1000000000	model_features_1.algo.update_features =>	internal[time_2x] = 2
INFORMATION :	1000000000	model_features_1.algo.update_features =>	feature[uptime] = 1
INFORMATION :	1500000000	model_states_1.algo.update_states =>	internal[steps_10x] = 30
INFORMATION :	1500000000	model_states_1.algo.update_states =>	state[steps] = 3
INFORMATION :	2000000000	model_states_1.algo.update_states =>	internal[steps_10x] = 40
INFORMATION :	2000000000	model_states_1.algo.update_states =>	state[steps] = 4
INFORMATION :	2000000000	model_features_1.algo.update_features =>	internal[time_2x] = 4
INFORMATION :	2000000000	model_features_1.algo.update_features =>	feature[uptime] = 2
INFORMATION :	2500000000	model_states_1.algo.update_states =>	internal[steps_10x] = 50
INFORMATION :	2500000000	model_states_1.algo.update_states =>	state[steps] = 5
INFORMATION :	3000000000	model_states_1.algo.update_states =>	internal[steps_10x] = 60
INFORMATION :	3000000000	model_states_1.algo.update_states =>	state[steps] = 6
INFORMATION :	3000000000	model_features_1.algo.update_features =>	internal[time_2x] = 6
INFORMATION :	3000000000	model_features_1.algo.update_features =>	feature[uptime] = 3
INFORMATION :	3500000000	model_states_1.algo.update_states =>	internal[steps_10x] = 70
INFORMATION :	3500000000	model_states_1.algo.update_states =>	state[steps] = 7
INFORMATION :	4000000000	model_states_1.algo.update_states =>	internal[steps_10x] = 80
INFORMATION :	4000000000	model_states_1.algo.update_states =>	state[steps] = 8
INFORMATION :	4000000000	model_features_1.algo.update_features =>	internal[time_2x] = 8
INFORMATION :	4000000000	model_features_1.algo.update_features =>	feature[uptime] = 4
INFORMATION :	4500000000	model_states_1.algo.update_states =>	internal[steps_10x] = 90
INFORMATION :	4500000000	model_states_1.algo.update_states =>	state[steps] = 9
INFORMATION :	5000000000	model_states_1.algo.update_states =>	internal[steps_10x] = 100
INFORMATION :	5000000000	model_states_1.algo.update_states =>	state[steps] = 10
INFORMATION :	5000000000	model_features_1.algo.update_features =>	internal[time_2x] = 10
INFORMATION :	5000000000	model_features_1.algo.update_features =>	feature[uptime] = 5
INFORMATION :	5500000000	model_states_1.algo.update_states =>	internal[steps_10x] = 110
INFORMATION :	5500000000	model_states_1.algo.update_states =>	state[steps] = 11
INFORMATION :	6000000000	model_states_1.algo.update_states =>	internal[steps_10x] = 120
INFORMATION :	6000000000	model_states_1.algo.update_states =>	state[steps] = 12
INFORMATION :	6000000000	model_features_1.algo.update_features =>	internal[time_2x] = 12
INFORMATION :	6000000000	model_features_1.algo.update_features =>	feature[uptime] = 6
INFORMATION :	6500000000	model_states_1.algo.update_states =>	internal[steps_10x] = 130
INFORMATION :	6500000000	model_states_1.algo.update_states =>	state[steps] = 13
INFORMATION :	7000000000	model_states_1.algo.update_states =>	internal[steps_10x] = 140
INFORMATION :	7000000000	model_states_1.algo.update_states =>	state[steps] = 14
INFORMATION :	7000000000	model_features_1.algo.update_features =>	internal[time_2x] = 14
INFORMATION :	7000000000	model_features_1.algo.update_features =>	feature[uptime] = 7
INFORMATION :	7500000000	model_states_1.algo.update_states =>	internal[steps_10x] = 150
INFORMATION :	7500000000	model_states_1.algo.update_states =>	state[steps] = 15
INFORMATION :	8000000000	model_states_1.algo.update_states =>	internal[steps_10x] = 160
INFORMATION :	8000000000	model_states_1.algo.update_states =>	state[steps] = 16
INFORMATION :	8000000000	model_features_1.algo.update_features =>	internal[time_2x] = 16
INFORMATION :	8000000000	model_features_1.algo.update_features =>	feature[uptime] = 8
INFORMATION :	8500000000	model_states_1.algo.update_states =>	internal[steps_10x] = 170
INFORMATION :	8500000000	model_states_1.algo.update_states =>	state[steps] = 17
INFORMATION :	9000000000	model_states_1.algo.update_states =>	internal[steps_10x] = 180
INFORMATION :	9000000000	model_states_1.algo.update_states =>	state[steps] = 18
INFORMATION :	9000000000	model_features_1.algo.update_features =>	internal[time_2x] = 18
INFORMATION :	9000000000	model_features_1.algo.update_features =>	feature[uptime] = 9
INFORMATION :	9500000000	model_states_1.algo.update_states =>	internal[steps_10x] = 190
INFORMATION :	9500000000	model_states_1.algo.update_states =>	state[steps] = 19
INFORMATION :	10000000000	model_states_1.algo.update_states =>	internal[steps_10x] = 200
INFORMATION :	10000000000	model_states_1.algo.update_states =>	state[steps] = 20
INFORMATION :	10000000000	model_features_1.algo.update_features =>	internal[time_2x] = 20
INFORMATION :	10000000000	model_features_1.algo.update_features =>	feature[uptime] = 10
